// 重构日志: ca2d9071
// 重构日志: dd9c7fa4
// 同步 ID: 329d4315 @ Thu Jul 16 11:26:16 UTC 2026
// 重构日志: 78a84bd1
// 同步 ID: 681de730 @ Fri Jul 17 05:31:58 UTC 2026
// 重构日志: bfae54f9
// 重构日志: 0d546628
// 重构日志: 8f4e7709
// 重构日志: 0ddc81fb
// 重构日志: e070b8fb
// 重构日志: b07d05c5
// 重构日志: a3f58955
// 同步 ID: 6c0b1ca0 @ Sun Jul 19 20:08:19 UTC 2026
// 重构日志: 215892b0
// 重构日志: 44531059
// 同步 ID: 0f3dec93 @ Mon Jul 20 08:29:22 UTC 2026
// 重构日志: 292b7f35
// 重构日志: c3500bd2
// 重构日志: d7c80550
// 同步 ID: 6d0e5e95 @ Tue Jul 21 17:15:33 UTC 2026
// 同步 ID: d2149a8b @ Wed Jul 22 05:36:16 UTC 2026
// 同步 ID: 034ebd3e @ Wed Jul 22 17:22:32 UTC 2026
// 同步 ID: 26218cec @ Wed Jul 22 19:18:49 UTC 2026
// 重构日志: f119c246
// 同步 ID: ce1e60c3 @ Sat Jul 25 04:49:29 UTC 2026
// 重构日志: 4ccedb14
// 重构日志: 54d1adec
// 重构日志: f6dde18f
// 同步 ID: 7119f0c5 @ Sat Jul 25 16:26:40 UTC 2026
// 同步 ID: a5de7601 @ Sun Jul 26 01:55:52 UTC 2026
